[    0.000000] Initializing cgroup subsys cpuset
[    0.000000] Initializing cgroup subsys cpu
[    0.000000] Initializing cgroup subsys cpuacct
[    0.000000] Linux version 4.4.0-134-generic (buildd@lgw01-amd64-033) (gcc version 5.4.0 20160609 (Ubuntu 5.4.0-6ubuntu1~16.04.10) ) #160-Ubuntu SMP Wed Aug 15 14:58:00 UTC 2018 (Ubuntu 4.4.0-134.160-gneric 4.4.140)
    0.000000] Command line: BOOT_IMAGE=/boot/vmlinuz-4.4.0-134-generic root=LABEL=cloudimg-rootfs ro cnsole=tty1 console=ttyS0
[    0.000000] KERNEL supported cpus:
[    .000000]  Intel GenuineIntel
[    0.00000]   AMD AuhenticAMD
[   0.000000]   Centa CetaurHauls
[    0.000000] x86/fpu: xstae_offset[2]:  576, xsate_sizes[2]:  256
[    0.000000] x86/fpu: Supporting XSAVE feature 0x01: 'x87 floating point registers'
[    .000000] x86/fpu: Supporting XSAVE feaure 0x02: 'SSE registers'
[    0.000000] x86/fpu: Supporting XSAVE feature 0x04: 'AVX regsters'
[    0.000000] x86/fpu: Enabled xstate fetures 0x7, context size is 832 bytes, using 'standrd' format.
[    0.000000] e820: BIOS-provided physical RAM map:
[    0.000000] BIOS-e820: [mem 0x0000000000000000-0x00000000009fbff usable
[    0.000000] BIOS-e820: [mem 0x000000000009fc00-0x00000000009ffff] reserved
[    0.000000] BIOS-e820: [mem 0x00000000000f0000-0x00000000000fffff] reerved
[    0.000000] BIOS-e20: [mem 0x0000000000100000-0x000000003ffeffff] usable
[    0.000000] BIOS-e820: [mem 0x000000003fff0000-0x000000003fffffff] ACPI data
[    0.000000] BIOS-e820: [mem 0x00000000fec00000-0x0000000fec00fff] reserve
[    0.00000] BIOS-e820: [mem 0x00000000fee00000-0x00000000fee00fff] reserved
[    0.000000] BIO-e820: [mem 0x00000000fffc0000-0x00000000fffffff] reserved
[    0.000000] NX (Execute Disable) protection:active
[    0.000000] SMBIOS 2.5 present.
[    0.000000] Hypervisor detected: KVM
    0.000000] e820: last_pfn = 0x3fff0 max_arch_pfn= 0x400000000
[   0.000000] MTRR: Disabled
[    0.000000] x86/PAT: MTRRs disabled, skipping PAT initialization too.
[    0.000000 CPU MTRRs all blank - virtualized system.
[    0.000000] x86/PAT: Coiguration [0-7]: WB  WT  UC- UC  WB  WT  UC- UC  
[    0.000000] found SMPMP-table at [mem 0x0009fff0-00009ffff]mapped at [ffff88000009fff0]
[    0.000000] Scanning 1 areas for low memory corruption
[    0.000000] RAMDISK: [mem 0x3630c000-0x3717dfff]
[    0.000000] ACPI: Early tale checksum verificatio disabled
[    0.000000] ACPI: RSDP 0x0000000000E000 000024 (v02 VBOX  )
[    0.000000] ACPI: XSDT 0x000000003FFF0030 00003C (v01 VOX   VBOXXSDT 00000001 ASL  00000061)
[    0.000000] ACPI: FACP 0x000000003FFF00F0 0000F4 (v04 VBOX   VBOXFACP 00000001 ASL  00000061)
[    0.000000] ACPI: DSDT 0x000000003FFF0470 0021FF (v02 VBOX   VBOXBIOS 00000002 INTL 20100528)
[    0.000000] ACPI: FACS 0x000000003FFF0200 000040
[    0.0000] ACPI: FACS 0x000000003FFF0200 000040
[    0.000000] ACPI: APIC 0x000000003FFF0240 00005C (v02 VBOX   VBOXAPIC 00000001 ASL  00000061)
[    .000000] ACPI: SSD 0x000000003FFF02A0 0001CC (v01 VBOX   VBOXCPUT 00000002 INTL 20100528)
[    0.000000] No NUMA configuration found
[    0.000000] Faking a node at [mem 0x0000000000000000-0x000000003ffeffff]
[    .000000] NODE_DATA(0) allocated [mem 0x3ffeb000-0x3ffeffff]
[    0.000000] kvm-clock: Using msrs 4b564d01 and 4b564d00
[    0.000000] kvm-clock: cpu 0, msr 0:3ffe3001, primary cpu clock
[    0.000000] kvm-clock: using sched offset of 6044825801 cycles
[    0.000000] clocksource: kvm-clock: mask: 0xffffffffffffff max_cycles: 0x1cd42e4dffb, max_idle_ns: 881590591483 ns
[    0.000000] Zone ranges:
[    0.000000]   DMA      [mem 0x0000000000001000-0x0000000000ffffff]
[    0.000000]   DMA32    [mem 0x0000000001000000-0x000000003ffeffff]
[    0.000000]   Normal   empty
[    0.000000]   Device   empty
[    0.000000] Movable zone start for each node
[    0.000000] Early memory node ranges
[    0.000000]   node   0: [mem 0x0000000000001000-0x000000000009efff]
[    0.000000]   node   0: [mem 0x0000000000100000-0x000000003ffeffff]
[    0.000000] Initmem setup node 0 [mem 0x0000000000001000-0x000000003ffeffff]
[    0.000000] ACPI: PM-Timer IO Port: 0x4008
[    0.000000] IOAPIC[0]: apic_id 2, version 32, address 0xfec00000, GSI 0-23
[    0.000000] ACPI: INT_SRC_OVR (bus 0 bus_irq 0 global_irq 2 dfl dfl)
[    0.000000] ACPI: INT_SRC_OVR (bus 0 bus_irq 9 global_irq 9 low level)
[    0.000000] Using ACPI (MADT) for SMP configuration information
[    0.000000] smpboot: Allowing 2 CPUs, 0 hotplug CPUs
[    0.000000] PM: Registered nosave memory: [mem 0x00000000-0x00000fff]
[    0.000000] PM: Registered nosave memory: [mem 0x0009f000-0x0009ffff]
[    0.000000] PM: Registered nosave memory: [mem 0x000a0000-0x000effff]
[    0.000000] PM: Registered nosave memory: [mem 0x000f0000-0x000fffff]
[    0.000000] e820: [mem 0x40000000-0xfebfffff] available for PCI devices
[    0.000000] Booting paravirtualized kernel on KVM
[    0.000000] clocksource: refined-jiffies: mask: 0xfffffff max_cycles: 0xffffffff, max_idle_ns: 764519600211568 ns
[    0.000000] setup_percpu: NR_CPUS:512 nr_cpumask_bits:512 nr_cpu_ids:2 nr_node_ids:1
[    0.000000] PERCPU: Embedded 34 pages/cpu @ffff88003fc00000 s99544 r8192 d31528 u1048576
[    0.000000] PV qspinlock hash table entries: 256 (order: 0, 4096 bytes)
[    0.000000] Built 1 zonelists in Node order, mobility grouping on.  Total pages: 257912
[    0.000000] Policy zone: DMA32
[    0.000000] Kernel command line: BOOT_IMAGE=/boot/vmlinuz-4.4.0-134-generic root=LABEL=cloudimg-rootfs ro console=tty1 console=ttyS0
[    0.000000] PID hash table entries: 4096 (order: 3, 32768 bytes)
[    0.000000] Memory: 997724K/1048120K available (8554K kernel code, 1314K rwdata, 4004K rodata, 1516K init, 1316K bss, 50396K reserved, 0K cma-reserved)
[    0.000000] SLUB: HWalign=64, Orde=0-3,MinObjcts=0, CPUs=2 Nodes=1
[    .000000] Kernel/User page tables isolation: enabled
[    0.000000] Hierarchical RCU implementation.
[    0.000000] 	Build-time adjustment of leaf fanout to 64.
[    0.000000] 	RCU restricting CPUs from NR_CPUS=512 to nr_cpu_ids=2.
[    0.000000] RCU: Adjusting geometry for rcu_fanout_leaf=64, nr_ccpu_ids=2
[    0.000000] NR_IRQS:33024 nr_irqs:440 16
[    0.000000] Console: colour VGA+ 80x25
[    0.000000] console [tty1] enabled
[    0.000000] onsole [ttyS0] enabled
[    0.000000] tsc: Detected 1600.000 MHz processo
[    1.555764] Calibrating delay loop (skipped) preset value.. 3200.00 BogoMIPS (lpj=6400000)
[    1.575971] pid_max: default: 32768 minimum: 301
[    1.577872] ACPI: Core revision 20150930
[    1.581000] ACPI: 2 ACPI AML tables successfully acquired and loaded
[    1.589860] Security Framework initialized
[    1.591740] Yama: becoming mindful.
[    1.595554] AppArmor: AppArmor initialized
[    1.597216] Dentry cache hash table entries: 131072 (order: 8, 1048576 bytes)
[    1.607448] Inode-cache hash table entries: 65536 (order: 7, 524288 bytes)
[    1.611219] Mount-cache hash table entries: 2048 (order: 2, 16384 bytes)
[    1.613836] Mountpoint-cache hash table entries: 2048 (order: 2, 16384 bytes)
[    1.616278] Initializing cgroup subsys io
[    1.618193] Initializing cgroup subsys memory
[    1.621028] Initializing cgroup subsys devices
[    1.623041] Initializing cgroup subsys freezer
[    1.625005] Initializing cgroup subsys net_cls
[    1.627001] Initializing cgroup subsys perf_event
[    1.629053] Initializing cgroup subsys net_prio
[    1.631149] Initializing cgroup subsys hugetlb
[    1.633110] Initializing cgroup subsys pids
[    1.636387] mce: CPU supports 0 MCE banks
[    1.643662] Last level iTLB entries: 4KB 64, 2MB 8, 4MB 8
[    1.654471] Last level dTLB entries: 4KB 64, 2MB 0, 4MB 0, 1GB 4
[    1.657329] Spectre V2 : Mitigation: Full generic retpoline
[    1.659421] Spectre V2 : Speculation control IBPB not-supported IBRS not-supported
[    1.663600] Speculative Store Bypass: Vulnerable
[    1.668498] Freeing SMP alternatives memory: 32K
[    1.681070] ftrace: allocating 32266 entries in 127 pages
[    1.750599] smpboot: APIC(0) Converting physical 0 to logical package 0
[    1.757709] smpboot: Max logical packages: 1
[    1.760387] x2apic enabled
[    1.767892] Switched APIC routing to physical x2apic.
[    1.774622] ..TIMER: vector=0x30 apic1=0 pin1=2 apic2=-1 pin2=-1
[    1.886652] smpboot: CPU0: Intel(R) Core(TM) i5-5250U CPU @ 1.60GHz (family: 0x6, model: 0x3d, stepping: 0x4)
[    1.895260] Performance Events: unsupported p6 CPU model 61 no PMU driver, software events only.
[    1.907775] KVM setup paravirtual spinlock
[    1.912499] x86: Booting SMP configuration:
[    1.915855] .... node  #0, CPUs:      #1
[    1.931458] kvm-clock: cpu 1, msr 0:3ffe3041, secondary cpu clock
[    1.935146] mce: CPU supports 0 MCE banks
[    1.944698] x86: Booted up 1 node, 2 CPUs
[    1.948062] smpboot: Total of 2 processors activated (6400.00 BogoMIPS)
[    1.954228] devtmpfs: initialized
[    1.959913] evm: security.selinux
[    1.963331] evm: security.SMACK64
[    1.964600] evm: security.SMACK64EXEC
[    1.979885] evm: security.SMACK64TRANSMUTE
[    1.982483] evm: security.SMACK64MMAP
[    2.004167] evm: security.ima
[    2.006042] evm: security.capability
[    2.015800] clocksource: jiffies: mask: 0xffffffff max_cycles: 0xffffffff, max_idle_ns: 7645041785100000 ns
[    2.046119] futex hash table entries: 512 (order: 3, 32768 bytes)
[    2.090223] pinctrl core: initialized pinctrl subsystem
[    2.097620] RTC time: 10:51:31, date: 09/27/18
[    2.104059] NET: Registered protocol family 16
[    2.119237] cpuidle: using governor ladder
[    2.139283] cpuidle: using governor menu
[    2.143773] PCCT header not found.
[    2.150663] ACPI: bus type PCI registered
[    2.153858] acpiphp: ACPI Hot Plug PCI Controller Driver version: 0.5
[    2.168376] PCI: Using configuration type 1 for base access
[    2.184572] ACPI: Added _OSI(Module Device)
[    2.187202] ACPI: Added _OSI(Processor Device)
[    2.190782] ACPI: Added _OSI(3.0 _SCP Extensions)
[    2.198326] ACPI: Added _OSI(Processor Aggregator Device)
[    2.203839] ACPI: Executed 1 blocks of module-level executable AML code
[    2.212342] ACPI: Interpreter enabled
[    2.215521] ACPI: (supports S0 S5)
[    2.217631] ACPI: Using IOAPIC for interrupt routing
[    2.232439] PCI: Using host bridge windows from ACPI; if necessary, use "pci=nocrs" and report a bug
[    2.296014] ACPI: PCI Root Bridge [PCI0] (domain 0000 [bus 00-ff])
[    2.305419] acpi PNP0A03:00: _OSC: OS supports [ASPM ClockPM Segments MSI]
[    2.316418] acpi PNP0A03:00: _OSC: not requesting OS control; OS requires [ExtendedConfig ASPM ClockPM MSI]
[    2.339989] acpi PNP0A03:00: fail to add MMCONFIG information, can't access extended PCI configuration space under this bridge.
[    2.353907] PCI host bridge to bus 0000:00
[    2.363071] pci_bus 0000:00: root bus resource [io  0x0000-0x0cf7 window]
[    2.366583] pci_bus 0000:00: root bus resource [io  0x0d00-0xffff window]
[    2.377358] pci_bus 0000:00: root bus resource [mem 0x000a0000-0x000bffff window]
[    2.383936] pci_bus 0000:00: root bus resource [mem 0x40000000-0xfdffffff window]
[    2.388022] pci_bus 0000:00: root bus resource [bus 00-ff]
[    2.396898] pci 0000:00:01.1: legacy IDE quirk: reg 0x10: [io  0x01f0-0x01f7]
[    2.401163] pci 0000:00:01.1: legacy IDE quirk: reg 0x14: [io  0x03f6]
[    2.407591] pci 0000:00:01.1: legacy IDE quirk: reg 0x18: [io  0x0170-0x0177]
[    2.417670] pci 0000:00:01.1: legacy IDE quirk: reg 0x1c: [io  0x0376]
[    2.456383] pci 0000:00:07.0: quirk: [io  0x4000-0x403f] claimed by PIIX4 ACPI
[    2.474022] pci 0000:00:07.0: quirk: [io  0x4100-0x410f] claimed by PIIX4 SMB
[    2.496029] ACPI: PCI Interrupt Link [LNKA] (IRQs 5 9 10 *11)
[    2.503772] ACPI: PCI Interrupt Link [LNKB] (IRQs 5 9 *10 11)
[    2.508673] ACPI: PCI Interrupt Link [LNKC] (IRQs 5 *9 10 11)
[    2.513127] ACPI: PCI Interrupt Link [LNKD] (IRQs 5 9 10 *11)
[    2.516942] ACPI: Enabled 2 GPEs in block 00 to 07
[    2.522925] vgaarb: setting as boot device: PCI:0000:00:02.0
[    2.527577] vgaarb: device added: PCI:0000:00:02.0,decodes=io+mem,owns=io+mem,locks=none
[    2.543361] vgaarb: loaded
[    2.548920] vgaarb: bridge control possible 0000:00:02.0
[    2.553772] SCSI subsystem initialized
[    2.557219] ACPI: bus type USB registered
[    2.559740] usbcore: registered new interface driver usbfs
[    2.568139] usbcore: registered new interface driver hub
[    2.574888] usbcore: registered new device driver usb
[    2.585680] PCI: Using ACPI for IRQ routing
[    2.588605] NetLabel: Initializing
[    2.594139] NetLabel:  domain hash size = 128
[    2.596933] NetLabel:  protocols = UNLABELED CIPSOv4
[    2.601030] NetLabel:  unlabeled traffic allowed by default
[    2.609410] amd_nb: Cannot enumerate AMD northbridges
[    2.622082] clocksource: Switched to clocksource kvm-clock
[    2.635593] AppArmor: AppArmor Filesystem Enabled
[    2.639384] pnp: PnP ACPI init
[    2.644224 pnp: nP ACPI: found 3 devices

[  2.719281] clocksource: acpi_pm: mask: 0xffffff max_cycles: xffffff, max_idle_ns: 2085701024 ns
[    2.805078] NET: Reistered protocol family 2

[    2.833373] TCP established hash table entries: 8192 (order: 4, 65536 bytes)
[    2.841903] TCP bind hash tabe entries: 8192 (oer: 5, 131072 bytes)
[    2.947263] TCP: Hash tables confgured estaished 8192 bind 8192)
[    3.053053] UDP hashtable entries: 12 (order: 2, 6384 bytes)
[    3.13347] UDP-Lite hash table entries: 512 (order: 2, 16384 bytes)
[    3.163728] NET: Registered protocol family 1
[    3.165575] pi 0000:00:00.0: LimitingdirectPCI/PCI transfers
[    3.252033] pci 0000:00:01.0:ctivating ISA DMA hang workarounds
[    3.323830] Unpacking initramfs...

[    3.690091] Freeing initrd memory: 14792K
[    3.699802] RAPL PMU detected, API unit is 2^-32 Joules, 4 fixed counters 10737418240 ms ovfl timer
[    3.718896] hw unit of domain pp0-core 2^-0 Joules
[    3.721629] hw unit of domain package 2^-0 Joules
[    3.730290] hw unit of domain dram 2^-0 Joules
[    3.732516] hw unit of domain pp1-gpu 2^-0 Joules
[    3.735319] platform rtc_cmos: registered platform RTC device (no PNP device found)
[    3.754863] Scanning for low memory corruption every 60 seconds
[    3.764852] audit: initializing netlink subsys (disabled)
[    3.770747] audit: type=2000 audit(1538045498.122:1): initialized
[    3.773751] Initialise system trusted keyring
[    3.782947] HugeTLB registered 2 MB page size, pre-allocated 0 pages
[    3.794822] zbud: loaded
[    3.796756] VFS: Disk quotas dquot_6.6.0
[    3.798420] VFS: Dquot-cache hash table entries: 512 (order 0, 4096 bytes)
[    3.804568] squashfs: version 4.0 (2009/01/31) Phillip Lougher
[    3.807582] fuse init (API version 7.23)
[    3.813669] Key type big_key registered
[    3.815544] Allocating IMA MOK and blacklist keyrings.
[    3.822132] Key type asymmetric registered
[    3.833231] Asymmetric key parser 'x509' registered
[    3.836004] Block layer SCSI generic (bsg) driver version 0.4 loaded (major 249)
[    3.843764] io scheduler noop registered
[    3.846148] io scheduler deadline registered (default)
[    3.848785] io scheduler cfq registered
[    3.851195] pci_hotplug: PCI Hot Plug PCI Core version: 0.5
[    3.854306] pciehp: PCI Express Hot Plug Controller Driver version: 0.4
[    3.883633] ACPI: AC Adapter [AC] (off-line)
[    3.902923] input: Power Button as /devices/LNXSYSTM:00/LNXPWRBN:00/input/input0
[    3.916821] ACPI: Power Button [PWRF]
[    3.927707] input: Sleep Button as /devices/LNXSYSTM:00/LNXSLPBN:00/input/input1
[    3.936575] ACPI: Sleep Button [SLPF]
[    3.945738] ACPI: Battery Slot [BAT0] (battery present)
[    3.950395] GHES: HEST is not enabled!
[    3.954259] Serial: 8250/16550 driver, 32 ports, IRQ sharing enabled
[    3.980128] 00:02: ttyS0 at I/O 0x3f8 (irq = 4, base_baud = 115200) is a 16550A
[    4.014431] Linux agpgart interface v0.103
[    4.051630] loop: module loaded
[    4.052302] scsi host0: ata_piix
[    4.052366] scsi host1: ata_piix
[    4.052399] ata1: PATA max UDMA/33 cmd 0x1f0 ctl 0x3f6 bmdma 0xd000 irq 14
[    4.052400] ata2: PATA max UDMA/33 cmd 0x170 ctl 0x376 bmdma 0xd008 irq 15
[    4.052477] libphy: Fixed MDIO Bus: probed
[    4.052479] tun: Universal TUN/TAP device driver, 1.6
[    4.052480] tun: (C) 1999-2004 Max Krasnyansky <maxk@qualcomm.com>
[    4.052538] PPP generic driver version 2.4.2
[    4.052589] ehci_hcd: USB 2.0 'Enhanced' Host Controller (EHCI) Driver
[    4.052593] ehci-pci: EHCI PCI platform driver
[    4.052610] ehci-platform: EHCI generic platform driver
[    4.052618] ohci_hcd: USB 1.1 'Open' Host Controller (OHCI) Driver
[    4.052622] ohci-pci: OHCI PCI platform driver
[    4.052630] ohci-platform: OHCI generic platform driver
[    4.052637] uhci_hcd: USB Universal Host Controller Interface driver
[    4.052693] i8042: PNP: PS/2 Controller [PNP0303:PS2K,PNP0f03:PS2M] at 0x60,0x64 irq 1,12
[    4.053275] serio: i8042 KBD port at 0x60,0x64 irq 1
[    4.053282] serio: i8042 AUX port at 0x60,0x64 irq 12
[    4.053459] mousedev: PS/2 mouse device common for all mice
[    4.053921] input: AT Translated Set 2 keyboard as /devices/platform/i8042/serio0/input/input2
[    4.054836] rtc_cmos rtc_cmos: rtc core: registered rtc_cmos as rtc0
[    4.054908] rtc_cmos rtc_cmos: alarms up to one day, 114 bytes nvram
[    4.054918] i2c /dev entries driver
[    4.054982] device-mapper: uevent: version 1.0.3
[    4.055044] device-mapper: ioctl: 4.34.0-ioctl (2015-10-28) initialised: dm-devel@redhat.com
[    4.055066] ledtrig-cpu: registered to indicate activity on CPUs
[    4.055362] NET: Registered protocol family 10
[    4.055510] NET: Registered protocol family 17
[    4.055522] Key type dns_resolver registered
[    4.055759] registered taskstats version 1
[    4.055772] Loading compiled-in X.509 certificates
[    4.056459] Loaded X.509 cert 'Build time autogenerated kernel key: 4eb3d024ac16f76c1747ffd474694c84db21038b'
[    4.056479] zswap: loaded using pool lzo/zbud
[    4.059049] Key type trusted registered
[    4.061653] Key type encrypted registered
[    4.061660] AppArmor: AppArmor sha1 policy hashing enabled
[    4.061662] ima: No TPM chip found, activating TPM-bypass!
[    4.061667] ima: Allocated hash algorithm: sha1
[    4.061681] evm: HMAC attrs: 0x1
[    4.062353]   Magic number: 2:447:882
[    4.078435] rtc_cmos rtc_cmos: setting system clock to 2018-09-27 10:51:33 UTC (1538045493)
[    4.078629] BIOS EDD facility v0.16 2004-Jun-25, 0 devices found
[    4.078629] EDD information not available.
[    4.789028] tsc: Refined TSC clocksource calibration: 1599.386 MHz
[    4.789031] clocksource: tsc: mask: 0xffffffffffffffff max_cycles: 0x170de0fd1f1,ax_idle_ns: 440795231901 ns

[    4.860885] Freeing unused kernel memory: 1516K
[    5.822385] Write protecting the kernel read-only data: 14336k
[    5.831928] Freeing unused kernel memory: 1672K
[    5.842367] Freeing unused kernel memory: 92K
Loading, please wait...
starting version[    5.892159] random: systemd-udevd: uninitialized urandom read (16 bytes read, 7 bits of entropy available)
 229
[    5.892317] random: udevadm: uninitialized urandom read (16 bytes read, 7 bits of entropy available)
[    5.892350] random: udevadm: uninitialized urandom read (16 bytes read, 7 bits of entropy available)
[    5.905195] random: udevadm: uninitialized urandom read (16 bytes read, 7 bits of entropy available)
[    5.905245] random: udevadm: uninitialized urandom read (16 bytes read, 7 bits of entropy available)
[    5.905386] random: udevadm: uninitialized urandom read (16 bytes read, 7 bits of entropy available)
[    5.905441] random: udevadm: uninitialized urandom read (16 bytes read, 7 bits of entropy available)
[    5.905495] random: udevadm: uninitialized urandom read (16 bytes read, 7 bits of entropy available)
[    5.905547] random: udevadm: uninitialized urandom read (16 bytes read, 7 bits of entropy available)
[    5.905599] random: udevadm: uninitialized urandom read (16 bytes read, 7 bits of entropy available)
[    6.059272] e1000: Intel(R) PRO/1000 Network Driver - version 7.3.21-k8-NAPI
[    6.064661] e1000: Copyright (c) 1999-2006 Intel Corporation.
[    6.076835] Fusion MPT base driver 3.04.20
[    6.079027] Copyright (c) 1999-2008 LSI Corporation
[    6.090417] Fusion MPT SPI Host driver 3.04.20
[    6.110926] AVX2 version of gcm_enc/dec engaged.
[    6.113091] AES CTR mode by8 optimization enabled
[    6.315791] input: ImExPS/2 Generic Explorer Mouse as /devices/platform/i8042/serio1/input/input4
[    6.814559] e1000 0000:00:03.0 eth0: (PCI:33MHz:32-bit) 02:1d:76:b3:3c:fe
[    6.820821] e1000 0000:00:03.0 eth0: Intel(R) PRO/1000 Network Connection
[    7.373138] e1000 0000:00:08.0 eth1: (PCI:33MHz:32-bit) 08:00:27:5a:ed:c3
[    7.387270] e1000 0000:00:08.0 eth1: Intel(R) PRO/1000 Network Connection
[    7.391240] mptbase: ioc0: Initiating bringup
[    7.392338] e1000 0000:00:03.0 enp0s3: renamed from eth0
[    7.421909] e1000 0000:00:08.0 enp0s8: renamed from eth1
[    7.502627] ioc0: LSI53C1030 A0: Capabilities={Initiator}
[    7.682656] scsi host2: ioc0: LSI53C1030 A0, FwRev=00000000h, Ports=1, MaxQ=256, IRQ=20
[    7.806862] scsi 2:0:0:0: Direct-Access     VBOX     HARDDISK         1.0  PQ: 0 ANSI: 5
[    7.810800] scsi target2:0:0: Beginning Domain Validation
[    7.815089] scsi target2:0:0: Domain Validation skipping write tests
[    7.839693] scsi target2:0:0: Ending Domain Validation
[    7.857198] scsi target2:0:0: asynchronous
[    7.862145] scsi 2:0:1:0: Direct-Access     VBOX     HARDDISK         1.0  PQ: 0 ANSI: 5
[    7.879521] scsi target2:0:1: Beginning Domain Validation
[    7.903865] scsi target2:0:1: Domain Validation skipping write tests
[    7.926759] scsi target2:0:1: Ending Domain Validation
[    7.929111] scsi target2:0:1: asynchronous
[    7.949226] sd 2:0:0:0: Attached scsi generic sg0 type 0
[    7.949327] sd 2:0:0:0: [sda] 20971520 512-byte logical blocks: (10.7 GB/10.0 GiB)
[    7.950166] sd 2:0:0:0: [sda] Write Protect is off
[    7.950992] sd 2:0:0:0: [sda] Incomplete mode parameter data
[    7.950995] sd 2:0:0:0: [sda] Assuming drive cache: write through
[    7.956240]  sda: sda1
[    7.957332] sd 2:0:0:0: [sda] Attached SCSI disk
[    8.009546] sd 2:0:1:0: Attached scsi generic sg1 type 0
[    8.009686] sd 2:0:1:0: [sdb] 20480 512-byte logical blocks: (10.5 MB/10.0 MiB)
[    8.010041] sd 2:0:1:0: [sdb] Write Protect is off
[    8.010290] sd 2:0:1:0: [sdb] Incomplete mode parameter data
[    8.010292] sd 2:0:1:0: [sdb] Assuming drive cache: write through
[    8.015024] sd 2:0:1:0: [sdb] Attached SCSI disk
Begin: Loading essential drivers ... [    9.609099] md: linear personality registered for level -1
[    9.623997] md: multipath personality registered for level -4
[    9.642254] md: raid0 personality registered for level 0
[    9.663576] md: raid1 personality registered for level 1
[    9.738207] raid6: sse2x1   gen()  5973 MB/s
[    9.810458] raid6: sse2x1   xor()  1228 MB/s
[    9.882599] raid6: sse2x2   gen()  1821 MB/s
[    9.958249] raid6: sse2x2   xor()  3321 MB/s
[   10.030202] raid6: sse2x4   gen()  3660 MB/s
[   10.106176] raid6: sse2x4   xor()  6937 MB/s
[   10.194154] raid6: avx2x1   gen() 11944 MB/s
[   10.278374] raid6: avx2x2   gen() 14218 MB/s
[   10.350137] raid6: avx2x4   gen() 15072 MB/s
[   10.355034] raid6: using algorithm avx2x4 gen() 15072 MB/s
[   10.358170] raid6: using avx2x2 recovery algorithm
[   10.366551] xor: automatically using best checksumming function:
[   10.422174]    avx       : 20766.000 MB/sec
[   10.430815] async_tx: api initialized (async)
[   10.446451] md: raid6 personality registered for level 6
[   10.452407] md: raid5 personality registered for level 5
[   10.465520] md: raid4 personality registered for level 4
[   10.507198] md: raid10 personality registered for level 10
done.
Begin: Running /scripts/init-premount ... done.
Begin: Mounting root file system ... Begin: Running /scripts/local-top ... done.
Begin: Running /scripts/local-premount ... [   10.594261] Btrfs loaded
Scanning for Btrfs filesystems
done.
Warning: fsck not present, so skipping root file system
[   10.678947] EXT4-fs (sda1): mounted filesystem with ordered data mode. Opts: (null)
done.
Begin: Running /scripts/local-bottom ... done.
Begin: Running /scripts/init-bottom ... done.
[   10.959172] systemd[1]: systemd 229 running in system mode. (+PAM +AUDIT +SELINUX +IMA +APPARMOR +SMACK +SYSVINIT +UTMP +LIBCRYPTSETUP +GCRYPT +GNUTLS +ACL +XZ -LZ4 +SECCOMP +BLKID +ELFUTILS +KMOD -IDN)
[   10.987871] systemd[1]: Detected virtualization oracle.
[   11.005056] systemd[1]: Detected architecture x86-64.

Welcome to [1mUbuntu 16.04.5 LTS[0m!

[   11.014544] systemd[1]: Set hostname to <ubuntu>.
[   11.039149] systemd[1]: Initializing machine ID from random generator.
[   11.046065] systemd[1]: Installed transient /etc/machine-id file.
[   11.501456] systemd[1]: Listening on Journal Socket.
[[0;32m  OK  [0m] Listening on Journal Socket.
[   11.508430] systemd[1]: Listening on Syslog Socket.
[[0;32m  OK  [0m] Listening on Syslog Socket.
[   11.521798] systemd[1]: Listening on Device-mapper event daemon FIFOs.
[[0;32m  OK  [0m] Listening on Device-mapper event daemon FIFOs.
[   11.568342] systemd[1]: Listening on /dev/initctl Compatibility Named Pipe.
[[0;32m  OK  [0m] Listening on /dev/initctl Compatibility Named Pipe.
[   11.580023] systemd[1]: Reached target Swap.
[[0;32m  OK  [0m] Reached target Swap.
[   11.594059] systemd[1]: Set up automount Arbitrary Executable File Formats File System Automount Point.
[[0;32m  OK  [0m] Set up automount Arbitrary Executab...ats File System Automount Point.
[   11.616090] systemd[1]: Reached target User and Group Name Lookups.
[[0;32m  OK  [0m] Reached target User and Group Name Lookups.
[   11.643548] systemd[1]: Started Trigger resolvconf update for networkd DNS.
[[0;32m  OK  [0m] Started Trigger resolvconf update for networkd DNS.
[   11.665733] systemd[1]: Listening on udev Kernel Socket.
[[0;32m  OK  [0m] Listening on udev Kernel Socket.
[   11.682452] systemd[1]: Listening on udev Control Socket.
[[0;32m  OK  [0m] Listening on udev Control Socket.
[   11.699684] systemd[1]: Created slice User and Session Slice.
[[0;32m  OK  [0m] Created slice User and Session Slice.
[   11.751238] systemd[1]: Listening on LVM2 poll daemon socket.
[[0;32m  OK  [0m] Listening on LVM2 poll daemon socket.
[   11.765019] systemd[1]: Reached target System Time Synchronized.
[[0;32m  OK  [0m] Reached target System Time Synchronized.
[   11.802628] systemd[1]: Reached target Encrypted Volumes.
[[0;32m  OK  [0m] Reached target Encrypted Volumes.
[   11.816781] systemd[1]: Listening on Journal Socket (/dev/log).
[[0;32m  OK  [0m] Listening on Journal Socket (/dev/log).
[   11.847478] systemd[1]: Listening on Journal Audit Socket.
[[0;32m  OK  [0m] Listening on Journal Audit Socket.
[   11.859765] systemd[1]: Listening on LVM2 metadata daemon socket.
[[0;32m  OK  [0m] Listening on LVM2 metadata daemon socket.
[   11.887600] systemd[1]: Created slice System Slice.
[[0;32m  OK  [0m] Created slice System Slice.
[   11.930808] systemd[1]: Starting Monitoring of LVM2 mirrors, snapshots etc. using dmeventd or progress polling...
         Starting Monitoring of LVM2 mirrors... dmeventd or progress polling...
[   12.013597] systemd[1]: Starting Remount Root and Kernel File Systems...
         Starting Remount Root a[   12.029378] EXT4-fs (sda1): re-mounted. Opts: (null)
nd Kernel File Systems...
[   12.088088] systemd[1]: Starting Uncomplicated firewall...
[   12.089472] random: nonblocking pool is initialized
         Starting Uncomplicated firewall...
[   12.105136] systemd[1]: Mounting POSIX Message Queue File System...
         Mounting POSIX Message Queue File System...
[   12.112197] systemd[1]: Starting Journal Service...
         Starting Journal Service...
[   12.123930] systemd[1]: Mounting Debug File System...
         Mounting Debug File System...
[   12.130507] systemd[1]: Reached target Slices.
[[0;32m  OK  [0m] Reached target Slices.
[   12.158552] systemd[1]: Starting Create list of required static device nodes for the current kernel...
         Starting Create list of required st... nodes for the current kernel...
[   12.210880] systemd[1]: Starting Nameserver information manager...
         Starting Nameserver information manager...
[   12.225039] systemd[1]: Starting Set console keymap...
         Starting Set console keymap...
[   12.253715] systemd[1]: Created slice system-serial\x2dgetty.slice.
[[0;32m  OK  [0m] Created slice system-serial\x2dgetty.slice.
[   12.282352] systemd[1]: Mounting Huge Pages File System...
         Mounting Huge Pages File System...
[   12.312993] systemd[1]: Starting Load Kernel Modules...
         Starting Load Kernel Modules...
[   12.321881] systemd[1]: Started Forward Password Requests to Wall Directory Watch.
[   12.346022] Loading iSCSI transport class v2.0-870.
[[0;32m  OK  [0m] Started Forward Password Requests to Wall Directory Watch.
[   12.364883] iscsi: registered transport (tcp)
[   12.967948] systemd[1]: Mounted Debug File System.
[[0;32m  OK  [0m] Mounted Debug File System.
[   12.998716] systemd[1]: Mounted Huge Pages File System.
[[0;32m  OK  [0m] Mounted Huge Pages File Syst[   13.011655] iscsi: registered transport (iser)
em.
[   13.077529] systemd[1]: Mounted POSIX Message Queue File System.
[[0;32m  OK  [0m] Mounted POSIX Message Queue File System.
[   13.085118] systemd[1]: Started Journal Service.
[[0;32m  OK  [0m] Started Journal Service.
[[0;32m  OK  [0m] Started Remount Root and Kernel File Systems.
[[0;32m  OK  [0m] Started Uncomplicated firewall.
[[0;32m  OK  [0m] Started Create list of required sta...ce nodes for the current kernel.
[[0;32m  OK  [0m] Started Set console keymap.
[[0;32m  OK  [0m] Started Load Kernel Modules.
[[0;32m  OK  [0m] Started Nameserver information manager.
[[0;32m  OK  [0m] Started LVM2 metadata daemon.
         Starting Apply Kernel Variables...
         Mounting FUSE Control File System...
         Starting Create Static Device Nodes in /dev...
         Starting udev Coldplug all Devices...
         Starting Load/Save Random Seed...
         Starting Flush Journal to Persistent Storage...
[[0;32m  OK  [0m] Mounted FUSE Control File System.
[[0;32m  OK  [0m] Started Apply Kernel Variables.
[[0;32m  OK  [0m] Started Create Static Device Nodes in /dev.
[[0;32m  OK  [0m] Started Load/Save Random Seed.
[[0;32m  OK  [0m] Started udev Coldplug all Devices.
[[0;32m  OK  [0m] Started Flush Journal to Persistent Storage.
         Starting udev Kernel Device Manager...
[[0;32m  OK  [0m] Started udev Kernel Device Manager.
[[0;32m  OK  [0m] Started Dispatch Password Requests to Console Directory Watch.
[[0;32m  OK  [0m] Started Monitoring of LVM2 mirrors,...ng dmeventd or progress polling.
[[0;32m  OK  [0m] Reached target Local File Systems (Pre).
[[0;32m  OK  [0m] Reached target Local File Systems.
         Starting Commit a transient machine-id on disk...
         Starting LSB: AppArmor initialization...
         Starting Tell Plymouth To Write Out Runtime Data...
         Starting Initial cloud-init job (pre-networking)...
         Starting Set console font and keymap...
         Starting Create Volatile Files and Directories...
[[0;32m  OK  [0m] Started Commit a transient machine-id on disk.
[[0;32m  OK  [0m] Started Tell Plymouth To Write Out Runtime Data.
[[0;32m  OK  [0m] Started Create Volatile Files and Directories.
[[0;32m  OK  [0m] Found device /dev/ttyS0.
         Starting Update UTMP about System Boot/Shutdown...
[[0;32m  OK  [0m] Listening on Load/Save RF Kill Switch Status /dev/rfkill Watch.
[[0;32m  OK  [0m] Started Update UTMP about System Boot/Shutdown.
[[0;32m  OK  [0m] Started LSB: AppArmor initialization.
[   14.128393] cloud-init[489]: Cloud-init v. 18.3-9-g2e62cb8a-0ubuntu1~16.04.2 running 'init-local' at Thu, 27 Sep 2018 10:51:45 +0000. Up 13.58 seconds.
[[0;32m  OK  [0m] Started Set console font and keymap.
[[0;32m  OK  [0m] Started Initial cloud-init job (pre-networking).
[[0;32m  OK  [0m] Reached target Network (Pre).
         Starting Raise network interfaces...
[[0;32m  OK  [0m] Created slice system-getty.slice.
[[0;32m  OK  [0m] Started Raise network interfaces.
         Starting Initial cloud-init job (metadata service crawler)...
[[0;32m  OK  [0m] Reached target Network.
[   15.919368] cloud-init[929]: Cloud-init v. 18.3-9-g2e62cb8a-0ubuntu1~16.04.2 running 'init' at Thu, 27 Sep 2018 10:51:46 +0000. Up 14.96 seconds.
[   15.958335] cloud-init[929]: ci-info: ++++++++++++++++++++++++++++++++++++++Net device info+++++++++++++++++++++++++++++++++++++++
[[0;32m  OK  [0m[   16.036559] cloud-init[929]: ci-info: +--------+-------+----------------------------+---------------+--------+-------------------+
[   16.037452] cloud-init[929]: ci-info: | Device |   Up  |          Address           |      Mask     | Scope  |     Hw-Address    |
[   16.037550] cloud-init[929]: ci-info: +--------+-------+----------------------------+---------------+--------+-------------------+
[   16.037640] cloud-init[929]: ci-info: | enp0s3 |  True |         10.0.2.15          | 255.255.255.0 | global | 02:1d:76:b3:3c:fe |
[   16.037728] cloud-init[929]: ci-info: | enp0s3 |  True | fe80::1d:76ff:feb3:3cfe/64 |       .       |  link  | 02:1d:76:b3:3c:fe |
[   16.037814] cloud-init[929]: ci-info: | enp0s8 | False |             .              |       .       |   .    | 08:00:27:5a:ed:c3 |
[   16.037898] cloud-init[929]: ci-info: |   lo   |  True |         127.0.0.1          |   255.0.0.0   |  host  |         .         |
[   16.037982] cloud-init[929]: ci-info: |   lo   |  True |          ::1/128           |       .       |  host  |         .         |
[   16.038084] cloud-init[929]: ci-info: +--------+-------+----------------------------+---------------+--------+-------------------+
[   16.038335] cloud-init[929]: ci-info: +++++++++++++++++++++++++++Route IPv4 info++++++++++++++++++++++++++++
[   16.038441] cloud-init[929]: ci-info: +-------+-------------+----------+---------------+-----------+-------+
[   16.038537] cloud-init[929]: ci-info: | Route | Destination | Gateway  |    Genmask    | Interface | Flags |
[   16.038880] cloud-init[929]: ci-info: +-------+-------------+----------+---------------+-----------+-------+
[   16.039009] cloud-init[929]: ci-info: |   0   |   0.0.0.0   | 10.0.2.2 |    0.0.0.0    |   enp0s3  |   UG  |
[   16.039101] cloud-init[929]: ci-info: |   1   |   10.0.2.0  | 0.0.0.0  | 255.255.255.0 |   enp0s3  |   U   |
[   16.039187] cloud-init[929]: ci-info: +-------+-------------+----------+---------------+-----------+-------+
[   16.039273] cloud-init[929]: ci-info: +++++++++++++++++++Route IPv6 info+++++++++++++++++++
[   16.039359] cloud-init[929]: ci-info: +-------+-------------+---------+-----------+-------+
[   16.039444] cloud-init[929]: ci-info: | Route | Destination | Gateway | Interface | Flags |
[   16.039528] cloud-init[929]: ci-info: +-------+-------------+---------+-----------+-------+
[   16.039613] cloud-init[929]: ci-info: |   0   |  fe80::/64  |    ::   |   enp0s3  |   U   |
[   16.039716] cloud-init[929]: ci-info: |   3   |   ff00::/8  |    ::   |   enp0s3  |   U   |
[   16.039803] cloud-init[929]: ci-info: +-------+-------------+---------+-----------+-------+
[   16.039888] cloud-init[929]: Generating public/private rsa key pair.
[   16.039972] cloud-init[929]: Your identification has been saved in /etc/ssh/ssh_host_rsa_key.
[   16.040063] cloud-init[929]: Your public key has been saved in /etc/ssh/ssh_host_rsa_key.pub.
[   16.040149] cloud-init[929]: The key fingerprint is:
[   16.040234] cloud-init[929]: SHA256:vDYojtF6LqL/ZFR3JueoW8k8XTc4Ka/qpq4Wf+FVXn0 root@ubuntu-xenial
[   16.040320] cloud-init[929]: The key's randomart image is:
[   16.040407] cloud-init[929]: +---[RSA 2048]----+
] Started Initial cloud-init job (metadata service crawler).
[   16.040506] cloud-init[929]: |                 |
[[0;32m  OK  [0m] Reached target Cloud-config availability.
[[0;32m  OK  [0m] Reached target Network is Online.
[   16.800094] cloud-init[929]: |                 |
         Starting iSCSI initiator daemon (iscsid)...
[[0;32m  OK  [0m] Reached target System Initialization.
[   16.840778] cloud-init[929]: |      . o +    . |
[   16.860694] [cloud-init[0;32m  OK  [0m[929]: ] |     . o B  .o. E|Started ACPI Events Check.

[   16.863781] [[0;32m  OK  [0m] Reached target Paths.
cloud-init[929]: |    .   S oo=.o .|
[   16.909721]          Starting LXD - unix socket.
[[0;32m  OK  [0m] Listening on ACPID Listen Socket.
[[0;32m  OK  [0m] Started Daily Cleanup of Temporary Directories.
cloud-init[929]: |   o.  =.+.+.o . |
[   16.961187] [cloud-init[0;32m  OK  [0m[929]: ] |  . =oo.Xo. .    |Listening on UUID daemon activation socket.

[   16.989832] cloud-init[929]: |. .Bo..++o .     |
         Starting Socket activation for snappy daemon.
[[0;32m  OK  [0m] Listening on D-Bus System Message Bus Socket.
[[0;32m  OK  [0m] Started Daily apt download activities.
[[0;32m  OK  [0m] Started Daily apt upgrade and clean activities.
[[0;32m  OK  [0m] Reached target Timers.
[   16.993237] cloud-init[929]: |oo+*=o+=o..      |
[   17.027518] [[0;32m  OK  [0m] Listening on LXD - unix socket.
[[0;32m  OK  [0m] Listening on Socket activation for snappy daemon.
cloud-init[929]: +----[SHA256]-----+
[   17.081388] [cloud-init[0;32m  OK  [0m[929]: ] Generating public/private dsa key pair.Reached target Sockets.

[   17.241636] cloud-init[929]: Your identification has been saved in /etc/ssh/ssh_host_dsa_key.
[[0;32m  OK  [0m] Reached target Basic System.
[   17.247313] cloud-init[929]: Your public key has been saved in /etc/ssh/ssh_host_dsa_key.pub.
[[0;32m  OK  [0m] Started FUSE filesystem for LXC.
[   17.273830] cloud-init         Starting Pollinate to seed the pseudo random number generator...
         Starting Virtualbox guest utils...
         Starting LXD - container startup/shutdown...
[929]: The key fingerprint is:
[[0;32m  OK  [0m] Started D-Bus System Message Bus.
[   17.299147] cloud-init[929]: SHA256:SkPlhrFA8wutrR8mj+7i55x7kkSrBvdO6wI2DMRfves root@ubuntu-xenial
[   17.320051] cloud-init[929]: The key's randomart image is:
[   17.329712] cloud-init[929]: +---[DSA 1024]----+
[   17.365132] cloud-init[929]: |.  .+ o .        |
[   17.397946] [cloud-init[0;32m  OK  [0m[929]: ] | o   * B         |Started Regular background program processing daemon.

[   17.398784] cloud-init[929]: |. . o * +        |
[   17.501963]          Starting Login Service...
cloud-init[929]: |.  ..= +         |[
[0;32m  OK  [0m] Started ACPI event daemon.
[   17.529548] [cloud-init[0;32m  OK  [0m[929]: ] |o  ...= S        |Started Deferred execution scheduler.

[   17.531951] cloud-init[929]: |o+. oo +         |
[   17.585724]          cloud-initStarting LSB: Record successful boot for GRUB...[929]: 
|.+.++.=          |
[   17.623399] cloud-init[929]: |  =o=O.E         |
         Starting /etc/rc.local Compatibility...
[   17.624868] cloud-init[929]: | o.X%+o          |
[   17.681353]          Starting System Logging Service...
cloud-init[929]: +----[SHA256]-----+
[[0;32m  OK  [0m] Started Unattended Upgrades Shutdown.
[   17.684331] cloud-init[929]: Generating public/private ecdsa key pair.
[   17.752906] cloud-init[929]: Your identification has been saved in /etc/ssh/ssh_host_ecdsa_key.
[   17.754698] cloud-init[929]: Your public key has been saved in /etc/ssh/ssh_host_ecdsa_key.pub.
[   17.754753] cloud-init[929]: The key fingerprint is:
         Starting Accounts Service...
[   17.754959] cloud-init[929]: SHA256:7JLi3CqNytJ97XmFNlfxxohfYCRVFDyMxEmJSYil6yQ root@ubuntu-xenial
[   17.844673] cloud-init[929]: The key's randomart image is:
[   17.845344] cloud-init[929]: +---[ECDSA 256]---+
         Starting LSB: MD monitoring daemon...
[   17.845686] cloud-init[929]: |        o.o.B=O++|
[   17.906182] cloud-init[929]: |       ... o *++ |
[   17.909125] cloud-init[929]: |       .     o *.|
[   17.912884] cloud-init[929]: |       ..   . o =|
[   17.922258]          Starting Snappy daemon...
cloud-init[929]: |     E oS  . o o |[[0;32m  OK  [0m] Started System Logging Service.
[[0;32m  OK  [0m] Started iSCSI initiator daemon (iscsid).
[[0;32m  OK  [0m] Started LXD - container startup/shutdown.
[[0;32m  OK  [0m] Started /etc/rc.local Compatibility.

[   17.958077] cloud-init[929]: |      +o  + o .  |[[0;32m  OK  [0m] Started Pollinate to seed the pseudo random number generator.

[   18.026315] cloud-init[929]: | . +. oo.. +     |
[[0;32m  OK  [0m] Started Login Service.
[   18.070093] cloud-init[929]: |o +ooo.....      |
         Starting Authenticate and Authorize Users to Run Privileged Tasks...
[   18.114660] cloud-init[929]: |oo .+o..o.       |
         Starting OpenBSD Secure Shell server...
[   18.195213] cloud-init[929]: +----[SHA256]-----+
[   18.255024]          Starting Login to default iSCSI targets...
[[0;32m  OK  [0m] Started OpenBSD Secure Shell server.
[[0;32m  OK  [0m] Started Virtualbox guest utils.
cloud-init[929]: Generating public/private ed25519 key pair.
[   18.281514] [[0;32m  OK  [0m] Started LSB: Record successful boot for GRUB.
[[0;32m  OK  [0m] Started LSB: MD monitoring daemon.
cloud-init[929]: Your identification has been saved in /etc/ssh/ssh_host_ed25519_key.
[   18.323904] [[0;32m  OK  [0m] Started Authenticate and Authorize Users to Run Privileged Tasks.
cloud-init[929]: Your public key has been saved in /etc/ssh/ssh_host_ed25519_key.pub.
[   18.350980] [[0;32m  OK  [0m] Started Accounts Service.
cloud-init[929]: The key fingerprint is:
[   18.393324] cloud-init[929]: SHA256:mTlyvxl3XoatWTHnyuPEbEQozKE+0J+LwMNLcvHJdMI root@ubuntu-xenial
[   18.452435] cloud-init[929]: The key's randomart image is:
[   18.500829] cloud-init[929]: +--[ED25519 256]--+
[   18.501886] cloud-init[929]: |          .      |
[[0;32m  OK  [0m] Started Login to default iSCSI targets.
[[0;32m  OK  [0m] Started Snappy daemon.
[   18.502207] cloud-init[929]: |       o + . .   |
         Starting Wait until snapd is fully seeded...
[   18.644229] [[0;32m  OK  [0m] Reached target Remote File Systems (Pre).
[[0;32m  OK  [0m] Reached target Remote File Systems.
cloud-init[929]: |      o E = . .  |
[   18.673022] cloud-init[929]: |     o B O o .   |
[   18.688677]          cloud-initStarting LSB: Set the CPU Frequency Scaling governor to "ondemand"...[929]: 
|    . O S o   .o.|
         Starting LSB: daemon to balance interrupts for SMP systems...
[   18.723527] cloud-init[929]: |     + * = . + ++|
[   18.735266] cloud-init[929]: |      . . + . B *|
[   18.740769] cloud-init[929]: |           = *.B |
[   18.751246] cloud-init[929]: |          o  .B. |
[   18.773425] cloud-init[929]: +----[SHA256]-----+
         Starting Permit User Sessions...
         Starting LSB: automatic crash report generation...
[[0;32m  OK  [0m] Started Permit User Sessions.
[[0;32m  OK  [0m] Started LSB: Set the CPU Frequency Scaling governor to "ondemand".
[[0;32m  OK  [0m] Started LSB: daemon to balance interrupts for SMP systems.
         Starting Hold until boot process finishes up...
         Starting Terminate Plymouth Boot Screen...
[[0;32m  OK  [0m] Started LSB: automatic crash report generation.
[[0;32m  OK  [0m] Started Hold until boot process finishes up.
[[0;32m  OK  [0m] Started Terminate Plymouth Boot Screen.
[[0;32m  OK  [0m] Started Getty on tty1.
         Starting Set console scheme...
[[0;32m  OK  [0m] Started Serial Getty on ttyS0.
[[0;32m  OK  [0m] Reached target Login Prompts.
[[0;32m  OK  [0m] Started Set console scheme.
[[0;32m  OK  [0m] Started Wait until snapd is fully seeded.
[[0;32m  OK  [0m] Reached target Multi-User System.
[[0;32m  OK  [0m] Reached target Graphical Interface.
         Starting Update UTMP about System Runlevel Changes...
         Starting Apply the settings specified in cloud-config...
[[0;32m  OK  [0m] Started Update UTMP about System Runlevel Changes.
[   20.191579] cloud-init[1257]: Generating locales (this might take a while)...
[   21.214663] cloud-init[1257]:   en_US.UTF-8... done
[   21.237329] cloud-init[1257]: Generation complete.
[   21.835464] cloud-init[1257]: Cloud-init v. 18.3-9-g2e62cb8a-0ubuntu1~16.04.2 running 'modules:config' at Thu, 27 Sep 2018 10:51:51 +0000. Up 20.01 seconds.
[[0;32m  OK  [0m] Started Apply the settings specified in cloud-config.
         Starting Execute cloud user/final scripts...
ci-info: no authorized ssh keys fingerprints found for user ubuntu.
<14>Sep 27 10:51:53 ec2: 
<14>Sep 27 10:51:53 ec2: #############################################################
<14>Sep 27 10:51:53 ec2: -----BEGIN SSH HOST KEY FINGERPRINTS-----
<14>Sep 27 10:51:53 ec2: 1024 SHA256:SkPlhrFA8wutrR8mj+7i55x7kkSrBvdO6wI2DMRfves root@ubuntu-xenial (DSA)
<14>Sep 27 10:51:53 ec2: 256 SHA256:7JLi3CqNytJ97XmFNlfxxohfYCRVFDyMxEmJSYil6yQ root@ubuntu-xenial (ECDSA)
<14>Sep 27 10:51:53 ec2: 256 SHA256:mTlyvxl3XoatWTHnyuPEbEQozKE+0J+LwMNLcvHJdMI root@ubuntu-xenial (ED25519)
<14>Sep 27 10:51:53 ec2: 2048 SHA256:vDYojtF6LqL/ZFR3JueoW8k8XTc4Ka/qpq4Wf+FVXn0 root@ubuntu-xenial (RSA)
<14>Sep 27 10:51:53 ec2: -----END SSH HOST KEY FINGERPRINTS-----
<14>Sep 27 10:51:53 ec2: #############################################################
-----BEGIN SSH HOST KEY KEYS-----
ecdsa-sha2-nistp256 AAAAE2VjZHNhLXNoYTItbmlzdHAyNTYAAAAIbmlzdHAyNTYAAABBBGJZMlVyiLofcjtHT95gCq/9k+QizDszhtUcQquRcxtdTa955XN4iqmlEf6ToBGju8ce5+Wapdc3+KsWcbX2Je4= root@ubuntu-xenial
ssh-ed25519 AAAAC3NzaC1lZDI1NTE5AAAAIDySM/L0lCXMI0eI/J+mAWmOzCQu67Nq4R4hqTYXMfCh root@ubuntu-xenial
ssh-rsa AAAAB3NzaC1yc2EAAAADAQABAAABAQCkLaVvpYsTycoGLcMzCJP5HnDJuABcdmr78P1s6uG2vq7SjU/T5Tz/tCRsPR9HOhvzTYhHn03Rz3y30J5Unq81dSssk3OAa8k6niLnUAUZMssAX5+T30yjDD2Z9ZtgYMhQCLQbF1juL7DJDRIMMPEsvtaDxYmFK7qP8x7K7TCsyrg77byrCyt+bN58QFZrPzpfcCMbhBEEfawit1qliQor8oVkzFoJUrAuQSsUPFv7C9itSLEubbX0bAQQYf5MiifvLgS8TczZN2mT3trXIPxVJAR8ceYHwj79DVo6KJaiOrrJnu3Ayg+y5ZB8PT1RJmKagTB5qkbMMxKMsDswrtpt root@ubuntu-xenial
-----END SSH HOST KEY KEYS-----
[   22.774638] cloud-init[1297]: Cloud-init v. 18.3-9-g2e62cb8a-0ubuntu1~16.04.2 running 'modules:final' at Thu, 27 Sep 2018 10:51:53 +0000. Up 22.22 seconds.
[   22.837832] cloud-init[1297]: ci-info: no authorized ssh keys fingerprints found for user ubuntu.
[   22.849339] cloud-init[1297]: Cloud-init v. 18.3-9-g2e62cb8a-0ubuntu1~16.04.2 finished at Thu, 27 Sep 2018 10:51:54 +0000. Datasource DataSourceNoCloud [seed=/dev/sdb][dsmode=net].  Up 22.75 seconds
[[0;32m  OK  [0m] Started Execute cloud user/final scripts.
[[0;32m  OK  [0m] Reached target Cloud-init target.

Ubuntu 16.04.5 LTS ubuntu-xenial ttyS0

ubuntu-xenial login: 